// Jest Snapshot v1, https://goo.gl/fbAQLP

exports[`<ItemList /> renders without errors 1`] = `
<div
  className="list-page RaList-root-1"
>
  <div
    className="MuiToolbar-root MuiToolbar-regular RaListToolbar-toolbar-7 MuiToolbar-gutters"
  >
    <form
      className="RaFilter-form-14 RaFilterForm-form-15"
      onSubmit={[Function]}
    >
      <div
        className="filter-field RaFilterFormInput-body-17"
        data-source="source"
      >
        <div
          className="MuiFormControl-root MuiFormControl-marginDense"
        >
          <label
            className="MuiFormLabel-root MuiInputLabel-root RaLabeled-label-20 MuiInputLabel-formControl MuiInputLabel-animated MuiInputLabel-shrink MuiInputLabel-marginDense"
            data-shrink={true}
            htmlFor="source"
          >
            <span>
              labels.publisher
            </span>
          </label>
          <div
            className="RaLabeled-value-21"
          >
            <div
              className="MuiLinearProgress-root MuiLinearProgress-colorPrimary RaLinearProgress-root-46 MuiLinearProgress-indeterminate"
              input={
                Object {
                  "checked": undefined,
                  "name": "source",
                  "onBlur": [Function],
                  "onChange": [Function],
                  "onFocus": [Function],
                  "value": "",
                }
              }
              resource="foo"
              role="progressbar"
            >
              <div
                className="MuiLinearProgress-bar MuiLinearProgress-barColorPrimary MuiLinearProgress-bar1Indeterminate"
                style={Object {}}
              />
              <div
                className="MuiLinearProgress-bar MuiLinearProgress-bar2Indeterminate MuiLinearProgress-barColorPrimary"
                style={Object {}}
              />
            </div>
          </div>
        </div>
        <div
          className="RaFilterFormInput-spacer-18"
        >
          Â 
        </div>
      </div>
      <div
        className="RaFilterForm-clearFix-16"
      />
    </form>
    <span />
    <div
      className="MuiToolbar-root MuiToolbar-regular RaTopToolbar-root-68 RaListToolbar-actions-8 MuiToolbar-gutters"
    />
  </div>
  <div
    className="RaList-main-2"
  >
    <div
      className="MuiPaper-root MuiCard-root RaList-content-3 MuiPaper-elevation1 MuiPaper-rounded"
    >
      <div
        style={
          Object {
            "flexGrow": 1,
            "padding": 16,
          }
        }
      >
        <div
          className="MuiGrid-root MuiGrid-container MuiGrid-spacing-xs-2"
        />
      </div>
      <div
        className="MuiToolbar-root MuiToolbar-dense MuiToolbar-gutters"
      />
    </div>
  </div>
</div>
`;
